  File "<string>", line 1
    import sys; sys.path.insert(0, '.'); import torch; from torch.utils.data import DataLoader, random_split; from common.engine.config import EngineConfig; from common.engine.engine import Engine; from papers.vit_tiny.data_utils import WaferWM811KDataset; from papers.vit_tiny.models.vit_tiny import ViTTiny; print('1'); config = EngineConfig.from_yaml('papers/vit_tiny/configs/config.yaml'); print('2'); dataset = WaferWM811KDataset('datasets/wm811k', image_size=32); train_ds, val_ds = random_split(dataset, [1000, 200], generator=torch.Generator().manual_seed(42)); print(f'3: {len(train_ds)}/{len(val_ds)}'); def collate_fn(batch): images = torch.stack([item['image'] for item in batch]); labels = torch.tensor([item['label'] for item in batch], dtype=torch.long); return images, labels; train_loader = DataLoader(train_ds, batch_size=32, shuffle=True, collate_fn=collate_fn); val_loader = DataLoader(val_ds, batch_size=32, shuffle=False, collate_fn=collate_fn); print('4'); model = ViTTiny.from_config(config); print(f'5: {sum(p.numel() for p in model.parameters()):,}'); device = 'cuda' if torch.cuda.is_available() else 'cpu'; print(f'6: {device}'); engine = Engine(model=model, config=config, device=device); print('7'); metrics = engine.validate(val_loader); print(f'8: {metrics}'); print('9'); logger = engine.fit(train_loader=train_loader, val_loader=val_loader, epochs=1); print(f'10: {logger.history[-1] if logger.history else "N/A"}'); print('DONE')
                                                                                                                                                                                                                                                                                                                                                                                                                                                                                                                                                                                                                                      ^^^
SyntaxError: invalid syntax
