Using device: mps
Loading WM-811K dataset from: datasets/wm811k
  Total samples: 25370
  Classes: ['Center', 'Donut', 'Edge-Loc', 'Edge-Ring', 'Loc', 'Random', 'Scratch']
  Test samples: 385
Loading checkpoint from: /Users/lelik/Documents/niime/litobzor_repo/checkpoints/radon_cnn_mps_full_20261008/seed43/best.pt
  Parameters: 1,462,327

Evaluating...

========================================
Test Results
========================================
  Accuracy:  0.8701
  F1 Score:  0.8685
  Precision: 0.8718
  Recall:    0.8701
========================================

Per-class accuracy:
  Center      : 1.0000  (n=55)
  Donut       : 1.0000  (n=55)
  Edge-Loc    : 0.8727  (n=55)
  Edge-Ring   : 0.9636  (n=55)
  Loc         : 0.7091  (n=55)
  Random      : 0.9091  (n=55)
  Scratch     : 0.6364  (n=55)
